In Phase: p0
    Syntax error from macro:
    #[keyword.kl:9.22-9.64]<(Keyword my-then cannot appear on its own)>
