In Phase: p0
    Syntax error from macro:
    #[keyword-test.kl:19.26-19.51]<(my-if: expected my-then)>
