In Phase: p0
Unknown: #[bad-lexical-env.kl:3.24-3.25]<y>
