In Phase: p1
Unknown: #[import-phase.kl:6.4-6.10]<define>
