Infinite kind detected:
  (KindVar 55708) = (META(KindVar 55708) â†’ META(KindVar 55701))
