Infinite type detected: (MetaPtr 57868) = (List META(MetaPtr 57868))
