#<contract> : (Syntax → Syntax)
#<arg> : (Syntax → (Syntax → (Syntax → (Macro Syntax))))
#<args> : (Syntax → (Syntax → (Syntax → (Macro Syntax))))
#<x> : ∀(α : *). (α → α)
(true) : Bool
