(:: 3 (:: 2 (:: 1 (nil)))) : (List Integer)
(:: 3 (:: 2 (:: 1 (nil)))) : (List Integer)
#[datatype-macro.kl:49.38-49.39]<a> : Syntax
3 : Integer
