(left (branch (branch (leaf) (zero) (leaf)) (add1 (zero)) (leaf))) : ∀(α : *). (Either (Tree Nat) α)
(right (right (right (nil)))) : ∀(α : *) (β : *) (γ : *) (δ : *). (Either α (Either β (Either γ (List δ))))
(add1 (add1 (add1 (add1 (zero))))) : Nat
(right (true)) : ∀(α : *). (Either α Bool)
(left (:: (add1 (zero)) (nil))) : ∀(α : *). (Either (List Nat) α)
#<n> : (Nat → (Nat → Nat))
(add1 (add1 (add1 (add1 (add1 (zero)))))) : Nat
#<letter> : (Alphabet → Integer)
#<letter> : (Alphabet → Bool)
(true) : Bool
(false) : Bool
