(pair 1 2) : (Pair Integer Integer)
(pair 1 2) : (Pair Integer Integer)
(pair 1 2) : (Pair Integer Integer)
"equal" : String
"equal" : String
