#[define-syntax-rule.kl:41.10-41.26]<(m1 foo bar baz)> : Syntax
#[define-syntax-rule.kl:42.14-42.17]<foo> : Syntax
#[define-syntax-rule.kl:109.33-109.36]<bar> : Syntax
