#[defun.kl:12.22-12.23]<a> : Syntax
#[defun.kl:13.34-13.35]<g> : Syntax
