#[dot-dot-dot.kl:242.3-246.6]<(1 (2 3) 4 5 6)> : Syntax
