(in (cons "hello" (in (cons "world" (in (nil)))))) : (Fix (ListF String))
(in (cons "hello" (in (cons "world" (in (nil)))))) : (Fix (ListF String))
(in (succ (in (succ (in (zero)))))) : (Fix NatF)
#<f> : ∀(α : *) (β : *). ((α → β) → ((Fix (ListF α)) → (Fix (ListF β))))
(in (cons (in (succ (in (succ (in (zero))))))
          (in (cons (in (succ (in (succ (in (succ (in (zero))))))))
                    (in (nil)))))) : (Fix (ListF (Fix NatF)))
