1 : Integer
2 : Integer
3 : Integer
4 : Integer
32 : Integer
