1 : Integer
1 : Integer
1 : Integer
10 : Integer
10 : Integer
10 : Integer
