42 : Integer
4 : Integer
"4!" : String
#<closure> : (Integer â†’ Integer)
"31!" : String
