#[lets.kl:3.31-3.34]<foo> : Syntax
#[lets.kl:5.40-5.41]<a> : Syntax
#[lets.kl:7.72-7.76]<(a a)> : Syntax
#[lets.kl:9.80-9.84]<(a a)> : Syntax
#[lets.kl:13.27-13.30]<foo> : Syntax
45 : Integer
