#[list-syntax.kl:70.17-70.18]<1> : Syntax
#[list-syntax.kl:71.16-71.23]<(2 3)> : Syntax
#[list-syntax.kl:72.20-72.39]<(x y z)> : Syntax
#[list-syntax.kl:77.18-78.17]<((f x) (f y) (f z))> : Syntax
#[list-syntax.kl:81.18-82.17]<(z y x)> : Syntax
