#[pmatch.kl:91.32-91.33]<t> : Syntax
#[pmatch.kl:92.36-92.37]<t> : Syntax
#[pmatch.kl:93.29-93.30]<t> : Syntax
#[pmatch.kl:94.48-94.49]<t> : Syntax
(zero) : Nat
(zero) : Nat
(zero) : Nat
(zero) : Nat
(add1 (zero)) : Nat
(:: (pair #[pmatch.kl:119.34-119.35]<1> 1)
    (:: (pair #[pmatch.kl:119.50-119.51]<2> 2)
        (:: (pair #[pmatch.kl:119.66-119.67]<3> 3) (nil)))) : (List (Pair Syntax Integer))
