#[prelude-test.kl:3.18-3.19]<a> : Syntax
#<g> : ∀(α : *) (β : *). ((α → β) → (α → β))
#<x> : ∀(α : *). (α → α)
#<x> : ∀(α : *). (α → α)
