(nothing) : ∀(α : *). (Maybe α)
(just #[unknown-type.kl:24.33-24.37]<here>) : (Maybe Syntax)
(just #<x>) : ∀(α : *). (Maybe (α → α))
(pair (just #<x>) (nothing)) : ∀(α : *). (Pair (Maybe (α → α)) (Maybe (α → α)))
