In Phase: p0:
    error-in-list.kl:7.27-7.38: Im-an-error
    stack trace:
    ---- Halt
