In Phase: p0
Unknown: #[error-in-cons-head.kl:8.6-8.9]<car>
