Type mismatch at in-arg-error.kl:5.23-5.38. Expected Syntax but got String
